( 31231, 72877, 22899, 2406, 1478, 1625, 22817, 2216 )
( 0, 6456, 0, 22693, 22876, 22475, 0, 2566 )
( 14563, 0, 41745, 8563, 0, 7325, 0, 246467 )
( 22904, 0, 0, 228, 22956, 0, 2279, 22902 )
( 22935, 22845, 16071, 22809, 22937, 0, 22892, 0 )
( 0, 662345, 0, 2278, 0, 2299, 0, 62357 )
( 0, 23265, 16002, 0, 654563, 22819, 0, 22570 )
( 0, 82830, 4467, 0, 4356, 22819, 44992, 22920 )
