( 0, 15876, 15899, 15406, 14789, 16025, 15817, 15416 )
( 0, 0, 0, 15693, 15876, 15475, 0, 0 )
( 0, 0, 0, 0, 0, 0, 0, 0 )
( 15904, 0, 0, 15879, 15956, 0, 15749, 15902 )
( 15935, 15848, 16071, 15809, 15937, 0, 15892, 0 )
( 0, 0, 0, 15978, 0, 15999, 0, 0 )
( 0, 15265, 16002, 0, 0, 15819, 0, 15570 )
( 0, 15831, 0, 0, 0, 15819, 15992, 15920 )
